// Jest Snapshot v1, https://goo.gl/fbAQLP

exports[`placeholder render test 1`] = `
<div
  className="vnc-console"
>
  <ToolbarResults
    className=""
  >
    <div
      className="vnc-console-connecting"
    >
      Connecting
    </div>
    <div />
  </ToolbarResults>
</div>
`;
